// 重构日志: 4ef497e8
// 同步 ID: 172e0755 @ Tue Jul 28 17:44:03 UTC 2026
// 同步 ID: 48dac862 @ Wed Jul 29 00:51:03 UTC 2026
// 重构日志: 4e31b4df
// 重构日志: c6c21021
// 重构日志: 926db8dd
// 重构日志: 0770d7ab
// 重构日志: 7b48d665
// 重构日志: 32333a46
// 同步 ID: 39a0c857 @ Thu Jul 30 23:08:22 UTC 2026
// 重构日志: b20a8ed9
// 同步 ID: 11c1be46 @ Fri Jul 31 15:04:24 UTC 2026
// 同步 ID: f7c265c2 @ Sat Aug  1 07:22:33 UTC 2026
// 同步 ID: 609e5e2a @ Sat Aug  1 12:22:28 UTC 2026
// 重构日志: 8c4bd704
// 同步 ID: 746649ea @ Sat Aug  1 23:57:25 UTC 2026
// 同步 ID: e1340ea2 @ Sun Aug  2 12:33:05 UTC 2026
// 重构日志: 4c0f5a6d
// 同步 ID: c3e0f05c @ Mon Aug  3 04:33:05 UTC 2026
// 重构日志: 66cc87aa
// 同步 ID: 749a3988 @ Tue Aug  4 12:34:39 UTC 2026
// 重构日志: d82b2867
// 同步 ID: 0b0b1177 @ Wed Aug  5 07:01:29 UTC 2026
// 同步 ID: 9025049e @ Wed Aug  5 10:22:04 UTC 2026
// 同步 ID: 12edc161 @ Wed Aug  5 12:34:19 UTC 2026
// 重构日志: 68a21b60
// 重构日志: 69d9d783
// 同步 ID: 78787f45 @ Fri Aug  7 14:17:31 UTC 2026
// 重构日志: 7c7bfa13
// 同步 ID: aa7f12d3 @ Fri Aug  7 17:29:20 UTC 2026
// 重构日志: 4aa7bab8
// 重构日志: 12410825
